---
source: crates/legato-core/src/keymap.rs
expression: "rows.join(\"\\n\")"
---
win 0x0001  hid 0x29  mac 0x35  Escape
win 0x0002  hid 0x1e  mac 0x12  Digit1
win 0x0003  hid 0x1f  mac 0x13  Digit2
win 0x0004  hid 0x20  mac 0x14  Digit3
win 0x0005  hid 0x21  mac 0x15  Digit4
win 0x0006  hid 0x22  mac 0x17  Digit5
win 0x0007  hid 0x23  mac 0x16  Digit6
win 0x0008  hid 0x24  mac 0x1a  Digit7
win 0x0009  hid 0x25  mac 0x1c  Digit8
win 0x000a  hid 0x26  mac 0x19  Digit9
win 0x000b  hid 0x27  mac 0x1d  Digit0
win 0x000c  hid 0x2d  mac 0x1b  Minus
win 0x000d  hid 0x2e  mac 0x18  Equal
win 0x000e  hid 0x2a  mac 0x33  Backspace
win 0x000f  hid 0x2b  mac 0x30  Tab
win 0x0010  hid 0x14  mac 0x0c  KeyQ
win 0x0011  hid 0x1a  mac 0x0d  KeyW
win 0x0012  hid 0x08  mac 0x0e  KeyE
win 0x0013  hid 0x15  mac 0x0f  KeyR
win 0x0014  hid 0x17  mac 0x11  KeyT
win 0x0015  hid 0x1c  mac 0x10  KeyY
win 0x0016  hid 0x18  mac 0x20  KeyU
win 0x0017  hid 0x0c  mac 0x22  KeyI
win 0x0018  hid 0x12  mac 0x1f  KeyO
win 0x0019  hid 0x13  mac 0x23  KeyP
win 0x001a  hid 0x2f  mac 0x21  BracketLeft
win 0x001b  hid 0x30  mac 0x1e  BracketRight
win 0x001c  hid 0x28  mac 0x24  Enter
win 0x001d  hid 0xe0  mac 0x3b  ControlLeft
win 0x001e  hid 0x04  mac 0x00  KeyA
win 0x001f  hid 0x16  mac 0x01  KeyS
win 0x0020  hid 0x07  mac 0x02  KeyD
win 0x0021  hid 0x09  mac 0x03  KeyF
win 0x0022  hid 0x0a  mac 0x05  KeyG
win 0x0023  hid 0x0b  mac 0x04  KeyH
win 0x0024  hid 0x0d  mac 0x26  KeyJ
win 0x0025  hid 0x0e  mac 0x28  KeyK
win 0x0026  hid 0x0f  mac 0x25  KeyL
win 0x0027  hid 0x33  mac 0x29  Semicolon
win 0x0028  hid 0x34  mac 0x27  Quote
win 0x0029  hid 0x35  mac 0x32  Backquote
win 0x002a  hid 0xe1  mac 0x38  ShiftLeft
win 0x002b  hid 0x31  mac 0x2a  Backslash
win 0x002c  hid 0x1d  mac 0x06  KeyZ
win 0x002d  hid 0x1b  mac 0x07  KeyX
win 0x002e  hid 0x06  mac 0x08  KeyC
win 0x002f  hid 0x19  mac 0x09  KeyV
win 0x0030  hid 0x05  mac 0x0b  KeyB
win 0x0031  hid 0x11  mac 0x2d  KeyN
win 0x0032  hid 0x10  mac 0x2e  KeyM
win 0x0033  hid 0x36  mac 0x2b  Comma
win 0x0034  hid 0x37  mac 0x2f  Period
win 0x0035  hid 0x38  mac 0x2c  Slash
win 0x0036  hid 0xe5  mac 0x3c  ShiftRight
win 0x0037  hid 0x55  mac 0x43  NumpadMultiply
win 0x0038  hid 0xe2  mac 0x3a  AltLeft
win 0x0039  hid 0x2c  mac 0x31  Space
win 0x003a  hid 0x39  mac 0x39  CapsLock
win 0x003b  hid 0x3a  mac 0x7a  F1
win 0x003c  hid 0x3b  mac 0x78  F2
win 0x003d  hid 0x3c  mac 0x63  F3
win 0x003e  hid 0x3d  mac 0x76  F4
win 0x003f  hid 0x3e  mac 0x60  F5
win 0x0040  hid 0x3f  mac 0x61  F6
win 0x0041  hid 0x40  mac 0x62  F7
win 0x0042  hid 0x41  mac 0x64  F8
win 0x0043  hid 0x42  mac 0x65  F9
win 0x0044  hid 0x43  mac 0x6d  F10
win 0x0045  hid 0x48  mac -     Pause
win 0x0046  hid 0x47  mac -     ScrollLock
win 0x0047  hid 0x5f  mac 0x59  Numpad7
win 0x0048  hid 0x60  mac 0x5b  Numpad8
win 0x0049  hid 0x61  mac 0x5c  Numpad9
win 0x004a  hid 0x56  mac 0x4e  NumpadSubtract
win 0x004b  hid 0x5c  mac 0x56  Numpad4
win 0x004c  hid 0x5d  mac 0x57  Numpad5
win 0x004d  hid 0x5e  mac 0x58  Numpad6
win 0x004e  hid 0x57  mac 0x45  NumpadAdd
win 0x004f  hid 0x59  mac 0x53  Numpad1
win 0x0050  hid 0x5a  mac 0x54  Numpad2
win 0x0051  hid 0x5b  mac 0x55  Numpad3
win 0x0052  hid 0x62  mac 0x52  Numpad0
win 0x0053  hid 0x63  mac 0x41  NumpadDecimal
win 0x0056  hid 0x64  mac 0x0a  IntlBackslash
win 0x0057  hid 0x44  mac 0x67  F11
win 0x0058  hid 0x45  mac 0x6f  F12
win 0x0059  hid 0x67  mac 0x51  NumpadEqual
win 0x0064  hid 0x68  mac 0x69  F13
win 0x0065  hid 0x69  mac 0x6b  F14
win 0x0066  hid 0x6a  mac 0x71  F15
win 0x0067  hid 0x6b  mac 0x6a  F16
win 0x0068  hid 0x6c  mac 0x40  F17
win 0x0069  hid 0x6d  mac 0x4f  F18
win 0x006a  hid 0x6e  mac 0x50  F19
win 0x006b  hid 0x6f  mac 0x5a  F20
win 0x006c  hid 0x70  mac -     F21
win 0x006d  hid 0x71  mac -     F22
win 0x006e  hid 0x72  mac -     F23
win 0x0070  hid 0x88  mac 0x68  KanaMode
win 0x0071  hid 0x91  mac -     Lang2
win 0x0072  hid 0x90  mac -     Lang1
win 0x0073  hid 0x87  mac 0x5e  IntlRo
win 0x0076  hid 0x73  mac -     F24
win 0x0077  hid 0x93  mac -     Lang4
win 0x0078  hid 0x92  mac -     Lang3
win 0x0079  hid 0x8a  mac -     Convert
win 0x007b  hid 0x8b  mac -     NonConvert
win 0x007d  hid 0x89  mac 0x5d  IntlYen
win 0x007e  hid 0x85  mac 0x5f  NumpadComma
win 0x00fc  hid 0x02  mac -     
win 0x00ff  hid 0x01  mac -     
win 0xe008  hid 0x7a  mac -     Undo
win 0xe00a  hid 0x7d  mac -     Paste
win 0xe017  hid 0x7b  mac -     Cut
win 0xe018  hid 0x7c  mac -     Copy
win 0xe01c  hid 0x58  mac 0x4c  NumpadEnter
win 0xe01d  hid 0xe4  mac 0x3e  ControlRight
win 0xe020  hid 0x7f  mac 0x4a  AudioVolumeMute
win 0xe02e  hid 0x81  mac 0x49  AudioVolumeDown
win 0xe030  hid 0x80  mac 0x48  AudioVolumeUp
win 0xe035  hid 0x54  mac 0x4b  NumpadDivide
win 0xe037  hid 0x46  mac -     PrintScreen
win 0xe038  hid 0xe6  mac 0x3d  AltRight
win 0xe03b  hid 0x75  mac -     Help
win 0xe045  hid 0x53  mac 0x47  NumLock
win 0xe047  hid 0x4a  mac 0x73  Home
win 0xe048  hid 0x52  mac 0x7e  ArrowUp
win 0xe049  hid 0x4b  mac 0x74  PageUp
win 0xe04b  hid 0x50  mac 0x7b  ArrowLeft
win 0xe04d  hid 0x4f  mac 0x7c  ArrowRight
win 0xe04f  hid 0x4d  mac 0x77  End
win 0xe050  hid 0x51  mac 0x7d  ArrowDown
win 0xe051  hid 0x4e  mac 0x79  PageDown
win 0xe052  hid 0x49  mac 0x72  Insert
win 0xe053  hid 0x4c  mac 0x75  Delete
win 0xe05b  hid 0xe3  mac 0x37  MetaLeft
win 0xe05c  hid 0xe7  mac 0x36  MetaRight
win 0xe05d  hid 0x65  mac 0x6e  ContextMenu
win 0xe05e  hid 0x66  mac -     Power
